2026-05-03 23:16:30,799 - INFO - Inicio del proceso de carga a base de datos
2026-05-03 23:16:43,793 - INFO - Conexión a PostgreSQL exitosa
2026-05-03 23:17:28,289 - INFO - Tablas verificadas/creadas correctamente
2026-05-03 23:25:32,445 - INFO - Inicio del proceso de carga a base de datos
2026-05-03 23:25:38,715 - INFO - Conexión a PostgreSQL exitosa
2026-05-03 23:25:41,524 - INFO - Tablas verificadas/creadas correctamente
2026-05-03 23:43:05,119 - INFO - Inicio del proceso de carga a base de datos
2026-05-03 23:43:05,166 - INFO - Inicio del proceso de carga a base de datos
2026-05-03 23:43:12,621 - INFO - Conexión a PostgreSQL exitosa
2026-05-03 23:43:16,475 - INFO - Tablas verificadas/creadas correctamente
2026-05-03 23:43:56,238 - INFO - Inicio del proceso de carga a base de datos
2026-05-03 23:44:01,928 - INFO - Conexión a PostgreSQL exitosa
2026-05-03 23:44:05,060 - INFO - Tablas verificadas/creadas correctamente
2026-05-03 23:45:00,771 - INFO - Inicio del proceso de carga a base de datos
2026-05-03 23:45:08,304 - INFO - Conexión a PostgreSQL exitosa
2026-05-03 23:45:11,320 - INFO - Tablas verificadas/creadas correctamente
2026-05-03 23:46:01,288 - INFO - Registros válidos insertados: 3
2026-05-03 23:46:49,127 - INFO - Registros válidos insertados: 3
2026-05-03 23:47:03,618 - INFO - Registros inválidos insertados en tabla de error: 3
2026-05-03 23:47:32,272 - INFO - Registros inválidos insertados en tabla de error: 3
2026-05-03 23:48:13,938 - INFO - Fin del proceso de carga a base de datos
